manifest: 5340 tasks = 4980 single-node (240 long-spec) + 360 fleet; weights=results/m1/detector_weights_sup_v4.npz; code core-freeze-5 == HEAD on fedqpnt/
Thu Oct  8 18:07:06 2026 phase 2 total 360 todo 360 workers 1 reverse=False
Thu Oct  8 18:09:17 2026 1/360 S5 fedqpnt 10030 ok
Thu Oct  8 18:11:19 2026 2/360 S5 fedqpnt 10031 ok
Thu Oct  8 18:13:20 2026 3/360 S5 fedqpnt 10032 ok
Thu Oct  8 18:15:25 2026 4/360 S5 fedqpnt 10033 ok
Thu Oct  8 18:17:23 2026 5/360 S5 fedqpnt 10034 ok
Thu Oct  8 18:19:18 2026 6/360 S5 fedqpnt 10035 ok
Thu Oct  8 18:21:15 2026 7/360 S5 fedqpnt 10036 ok
Thu Oct  8 18:23:10 2026 8/360 S5 fedqpnt 10037 ok
Thu Oct  8 18:25:04 2026 9/360 S5 fedqpnt 10038 ok
Thu Oct  8 18:26:58 2026 10/360 S5 fedqpnt 10039 ok
Thu Oct  8 18:28:52 2026 11/360 S5 fedqpnt 10040 ok
Thu Oct  8 18:30:47 2026 12/360 S5 fedqpnt 10041 ok
Thu Oct  8 18:32:43 2026 13/360 S5 fedqpnt 10042 ok
Thu Oct  8 18:34:39 2026 14/360 S5 fedqpnt 10043 ok
Thu Oct  8 18:36:48 2026 15/360 S5 fedqpnt 10044 ok
Thu Oct  8 18:38:53 2026 16/360 S5 fedqpnt 10045 ok
Thu Oct  8 18:41:00 2026 17/360 S5 fedqpnt 10046 ok
Thu Oct  8 18:43:08 2026 18/360 S5 fedqpnt 10047 ok
Thu Oct  8 18:45:29 2026 19/360 S5 fedqpnt 10048 ok
manifest: 5340 tasks = 4980 single-node (240 long-spec) + 360 fleet; weights=results/m1/detector_weights_sup_v4.npz; code core-freeze-5 == HEAD on fedqpnt/
Thu Oct  8 18:47:53 2026 phase 2 total 360 todo 341 workers 1 reverse=False
Thu Oct  8 18:49:44 2026 1/341 S5 fedqpnt 10049 ok
Thu Oct  8 18:51:27 2026 2/341 S5 fedqpnt 10050 ok
Thu Oct  8 18:53:14 2026 3/341 S5 fedqpnt 10051 ok
Thu Oct  8 18:54:59 2026 4/341 S5 fedqpnt 10052 ok
Thu Oct  8 18:56:42 2026 5/341 S5 fedqpnt 10053 ok
Thu Oct  8 18:58:29 2026 6/341 S5 fedqpnt 10054 ok
Thu Oct  8 19:00:14 2026 7/341 S5 fedqpnt 10055 ok
Thu Oct  8 19:01:58 2026 8/341 S5 fedqpnt 10056 ok
Thu Oct  8 19:03:44 2026 9/341 S5 fedqpnt 10057 ok
Thu Oct  8 19:05:28 2026 10/341 S5 fedqpnt 10058 ok
Thu Oct  8 19:07:11 2026 11/341 S5 fedqpnt 10059 ok
Thu Oct  8 19:08:45 2026 12/341 S5 baseline_a 10030 ok
Thu Oct  8 19:10:32 2026 13/341 S5 baseline_a 10031 ok
Thu Oct  8 19:12:19 2026 14/341 S5 baseline_a 10032 ok
Thu Oct  8 19:14:03 2026 15/341 S5 baseline_a 10033 ok
Thu Oct  8 19:15:46 2026 16/341 S5 baseline_a 10034 ok
Thu Oct  8 19:17:34 2026 17/341 S5 baseline_a 10035 ok
Thu Oct  8 19:19:16 2026 18/341 S5 baseline_a 10036 ok
Thu Oct  8 19:20:55 2026 19/341 S5 baseline_a 10037 ok
Thu Oct  8 19:22:26 2026 20/341 S5 baseline_a 10038 ok
Thu Oct  8 19:23:55 2026 21/341 S5 baseline_a 10039 ok
Thu Oct  8 19:25:22 2026 22/341 S5 baseline_a 10040 ok
Thu Oct  8 19:26:49 2026 23/341 S5 baseline_a 10041 ok
Thu Oct  8 19:28:15 2026 24/341 S5 baseline_a 10042 ok
Thu Oct  8 19:29:43 2026 25/341 S5 baseline_a 10043 ok
Thu Oct  8 19:31:10 2026 26/341 S5 baseline_a 10044 ok
Thu Oct  8 19:32:36 2026 27/341 S5 baseline_a 10045 ok
Thu Oct  8 19:34:02 2026 28/341 S5 baseline_a 10046 ok
Thu Oct  8 19:35:31 2026 29/341 S5 baseline_a 10047 ok
Thu Oct  8 19:37:00 2026 30/341 S5 baseline_a 10048 ok
Thu Oct  8 19:38:27 2026 31/341 S5 baseline_a 10049 ok
Thu Oct  8 19:39:54 2026 32/341 S5 baseline_a 10050 ok
Thu Oct  8 19:41:21 2026 33/341 S5 baseline_a 10051 ok
Thu Oct  8 19:42:47 2026 34/341 S5 baseline_a 10052 ok
Thu Oct  8 19:44:16 2026 35/341 S5 baseline_a 10053 ok
Thu Oct  8 19:45:45 2026 36/341 S5 baseline_a 10054 ok
Thu Oct  8 19:47:14 2026 37/341 S5 baseline_a 10055 ok
Thu Oct  8 19:48:59 2026 38/341 S5 baseline_a 10056 ok
Thu Oct  8 19:50:40 2026 39/341 S5 baseline_a 10057 ok
Thu Oct  8 19:52:19 2026 40/341 S5 baseline_a 10058 ok
Thu Oct  8 19:53:57 2026 41/341 S5 baseline_a 10059 ok
Thu Oct  8 19:55:43 2026 42/341 S5 fedqpnt_nofault 10030 ok
Thu Oct  8 19:57:35 2026 43/341 S5 fedqpnt_nofault 10031 ok
Thu Oct  8 19:59:19 2026 44/341 S5 fedqpnt_nofault 10032 ok
Thu Oct  8 20:01:03 2026 45/341 S5 fedqpnt_nofault 10033 ok
Thu Oct  8 20:02:48 2026 46/341 S5 fedqpnt_nofault 10034 ok
Thu Oct  8 20:04:35 2026 47/341 S5 fedqpnt_nofault 10035 ok
Thu Oct  8 20:06:24 2026 48/341 S5 fedqpnt_nofault 10036 ok
Thu Oct  8 20:08:16 2026 49/341 S5 fedqpnt_nofault 10037 ok
Thu Oct  8 20:10:12 2026 50/341 S5 fedqpnt_nofault 10038 ok
Thu Oct  8 20:12:05 2026 51/341 S5 fedqpnt_nofault 10039 ok
Thu Oct  8 20:13:58 2026 52/341 S5 fedqpnt_nofault 10040 ok
Thu Oct  8 20:15:50 2026 53/341 S5 fedqpnt_nofault 10041 ok
Thu Oct  8 20:17:44 2026 54/341 S5 fedqpnt_nofault 10042 ok
Thu Oct  8 20:19:39 2026 55/341 S5 fedqpnt_nofault 10043 ok
Thu Oct  8 20:21:28 2026 56/341 S5 fedqpnt_nofault 10044 ok
Thu Oct  8 20:23:18 2026 57/341 S5 fedqpnt_nofault 10045 ok
Thu Oct  8 20:25:09 2026 58/341 S5 fedqpnt_nofault 10046 ok
Thu Oct  8 20:26:55 2026 59/341 S5 fedqpnt_nofault 10047 ok
Thu Oct  8 20:28:43 2026 60/341 S5 fedqpnt_nofault 10048 ok
Thu Oct  8 20:30:34 2026 61/341 S5 fedqpnt_nofault 10049 ok
Thu Oct  8 20:32:23 2026 62/341 S5 fedqpnt_nofault 10050 ok
Thu Oct  8 20:34:13 2026 63/341 S5 fedqpnt_nofault 10051 ok
Thu Oct  8 20:36:03 2026 64/341 S5 fedqpnt_nofault 10052 ok
Thu Oct  8 20:37:55 2026 65/341 S5 fedqpnt_nofault 10053 ok
Thu Oct  8 20:39:42 2026 66/341 S5 fedqpnt_nofault 10054 ok
Thu Oct  8 20:41:29 2026 67/341 S5 fedqpnt_nofault 10055 ok
Thu Oct  8 20:43:16 2026 68/341 S5 fedqpnt_nofault 10056 ok
Thu Oct  8 20:45:03 2026 69/341 S5 fedqpnt_nofault 10057 ok
Thu Oct  8 20:46:50 2026 70/341 S5 fedqpnt_nofault 10058 ok
Thu Oct  8 20:48:36 2026 71/341 S5 fedqpnt_nofault 10059 ok
Thu Oct  8 20:49:36 2026 72/341 S8 fedqpnt 10030 ok
Thu Oct  8 20:50:29 2026 73/341 S8 fedqpnt 10031 ok
Thu Oct  8 20:51:24 2026 74/341 S8 fedqpnt 10032 ok
Thu Oct  8 20:52:24 2026 75/341 S8 fedqpnt 10033 ok
Thu Oct  8 20:53:25 2026 76/341 S8 fedqpnt 10034 ok
Thu Oct  8 20:54:25 2026 77/341 S8 fedqpnt 10035 ok
Thu Oct  8 20:55:20 2026 78/341 S8 fedqpnt 10036 ok
Thu Oct  8 20:56:12 2026 79/341 S8 fedqpnt 10037 ok
Thu Oct  8 20:57:05 2026 80/341 S8 fedqpnt 10038 ok
Thu Oct  8 20:57:57 2026 81/341 S8 fedqpnt 10039 ok
Thu Oct  8 20:58:49 2026 82/341 S8 fedqpnt 10040 ok
Thu Oct  8 20:59:42 2026 83/341 S8 fedqpnt 10041 ok
Thu Oct  8 21:00:35 2026 84/341 S8 fedqpnt 10042 ok
Thu Oct  8 21:01:27 2026 85/341 S8 fedqpnt 10043 ok
Thu Oct  8 21:02:19 2026 86/341 S8 fedqpnt 10044 ok
Thu Oct  8 21:03:10 2026 87/341 S8 fedqpnt 10045 ok
Thu Oct  8 21:04:02 2026 88/341 S8 fedqpnt 10046 ok
Thu Oct  8 21:04:54 2026 89/341 S8 fedqpnt 10047 ok
Thu Oct  8 21:05:46 2026 90/341 S8 fedqpnt 10048 ok
Thu Oct  8 21:06:38 2026 91/341 S8 fedqpnt 10049 ok
Thu Oct  8 21:07:30 2026 92/341 S8 fedqpnt 10050 ok
Thu Oct  8 21:08:23 2026 93/341 S8 fedqpnt 10051 ok
Thu Oct  8 21:09:15 2026 94/341 S8 fedqpnt 10052 ok
Thu Oct  8 21:10:07 2026 95/341 S8 fedqpnt 10053 ok
Thu Oct  8 21:10:58 2026 96/341 S8 fedqpnt 10054 ok
Thu Oct  8 21:11:51 2026 97/341 S8 fedqpnt 10055 ok
Thu Oct  8 21:12:43 2026 98/341 S8 fedqpnt 10056 ok
Thu Oct  8 21:13:34 2026 99/341 S8 fedqpnt 10057 ok
Thu Oct  8 21:14:26 2026 100/341 S8 fedqpnt 10058 ok
Thu Oct  8 21:15:18 2026 101/341 S8 fedqpnt 10059 ok
Thu Oct  8 21:16:50 2026 102/341 S8 baseline_b_cont 10030 ok
Thu Oct  8 21:18:34 2026 103/341 S8 baseline_b_cont 10031 ok
Thu Oct  8 21:20:06 2026 104/341 S8 baseline_b_cont 10032 ok
Thu Oct  8 21:21:38 2026 105/341 S8 baseline_b_cont 10033 ok
Thu Oct  8 21:23:08 2026 106/341 S8 baseline_b_cont 10034 ok
Thu Oct  8 21:24:34 2026 107/341 S8 baseline_b_cont 10035 ok
Thu Oct  8 21:26:05 2026 108/341 S8 baseline_b_cont 10036 ok
Thu Oct  8 21:27:29 2026 109/341 S8 baseline_b_cont 10037 ok
Thu Oct  8 21:28:52 2026 110/341 S8 baseline_b_cont 10038 ok
Thu Oct  8 21:30:27 2026 111/341 S8 baseline_b_cont 10039 ok
Thu Oct  8 21:31:56 2026 112/341 S8 baseline_b_cont 10040 ok
Thu Oct  8 21:33:32 2026 113/341 S8 baseline_b_cont 10041 ok
Thu Oct  8 21:34:57 2026 114/341 S8 baseline_b_cont 10042 ok
Thu Oct  8 21:36:23 2026 115/341 S8 baseline_b_cont 10043 ok
Thu Oct  8 21:38:04 2026 116/341 S8 baseline_b_cont 10044 ok
Thu Oct  8 21:39:30 2026 117/341 S8 baseline_b_cont 10045 ok
Thu Oct  8 21:40:59 2026 118/341 S8 baseline_b_cont 10046 ok
Thu Oct  8 21:42:33 2026 119/341 S8 baseline_b_cont 10047 ok
Thu Oct  8 21:44:01 2026 120/341 S8 baseline_b_cont 10048 ok
Thu Oct  8 21:45:40 2026 121/341 S8 baseline_b_cont 10049 ok
Thu Oct  8 21:47:15 2026 122/341 S8 baseline_b_cont 10050 ok
Thu Oct  8 21:48:54 2026 123/341 S8 baseline_b_cont 10051 ok
Thu Oct  8 21:50:29 2026 124/341 S8 baseline_b_cont 10052 ok
Thu Oct  8 21:52:00 2026 125/341 S8 baseline_b_cont 10053 ok
Thu Oct  8 21:53:46 2026 126/341 S8 baseline_b_cont 10054 ok
Thu Oct  8 21:55:17 2026 127/341 S8 baseline_b_cont 10055 ok
Thu Oct  8 21:56:47 2026 128/341 S8 baseline_b_cont 10056 ok
Thu Oct  8 21:58:24 2026 129/341 S8 baseline_b_cont 10057 ok
Thu Oct  8 21:59:51 2026 130/341 S8 baseline_b_cont 10058 ok
Thu Oct  8 22:01:22 2026 131/341 S8 baseline_b_cont 10059 ok
Thu Oct  8 22:02:27 2026 132/341 S9 fedqpnt 10030 ok
Thu Oct  8 22:03:30 2026 133/341 S9 fedqpnt 10031 ok
Thu Oct  8 22:04:32 2026 134/341 S9 fedqpnt 10032 ok
Thu Oct  8 22:05:35 2026 135/341 S9 fedqpnt 10033 ok
Thu Oct  8 22:06:36 2026 136/341 S9 fedqpnt 10034 ok
Thu Oct  8 22:07:38 2026 137/341 S9 fedqpnt 10035 ok
Thu Oct  8 22:08:38 2026 138/341 S9 fedqpnt 10036 ok
Thu Oct  8 22:09:31 2026 139/341 S9 fedqpnt 10037 ok
Thu Oct  8 22:10:28 2026 140/341 S9 fedqpnt 10038 ok
Thu Oct  8 22:11:30 2026 141/341 S9 fedqpnt 10039 ok
Thu Oct  8 22:12:32 2026 142/341 S9 fedqpnt 10040 ok
Thu Oct  8 22:13:35 2026 143/341 S9 fedqpnt 10041 ok
Thu Oct  8 22:14:39 2026 144/341 S9 fedqpnt 10042 ok
Thu Oct  8 22:15:41 2026 145/341 S9 fedqpnt 10043 ok
Thu Oct  8 22:16:43 2026 146/341 S9 fedqpnt 10044 ok
Thu Oct  8 22:17:45 2026 147/341 S9 fedqpnt 10045 ok
Thu Oct  8 22:18:51 2026 148/341 S9 fedqpnt 10046 ok
Thu Oct  8 22:20:06 2026 149/341 S9 fedqpnt 10047 ok
Thu Oct  8 22:21:06 2026 150/341 S9 fedqpnt 10048 ok
Thu Oct  8 22:22:02 2026 151/341 S9 fedqpnt 10049 ok
Thu Oct  8 22:23:04 2026 152/341 S9 fedqpnt 10050 ok
Thu Oct  8 22:24:06 2026 153/341 S9 fedqpnt 10051 ok
Thu Oct  8 22:25:09 2026 154/341 S9 fedqpnt 10052 ok
Thu Oct  8 22:26:13 2026 155/341 S9 fedqpnt 10053 ok
Thu Oct  8 22:27:24 2026 156/341 S9 fedqpnt 10054 ok
Thu Oct  8 22:28:26 2026 157/341 S9 fedqpnt 10055 ok
Thu Oct  8 22:29:29 2026 158/341 S9 fedqpnt 10056 ok
Thu Oct  8 22:30:31 2026 159/341 S9 fedqpnt 10057 ok
Thu Oct  8 22:31:32 2026 160/341 S9 fedqpnt 10058 ok
Thu Oct  8 22:32:35 2026 161/341 S9 fedqpnt 10059 ok
Thu Oct  8 22:33:38 2026 162/341 S9 fedqpnt_noloss 10030 ok
Thu Oct  8 22:34:42 2026 163/341 S9 fedqpnt_noloss 10031 ok
Thu Oct  8 22:35:45 2026 164/341 S9 fedqpnt_noloss 10032 ok
Thu Oct  8 22:36:43 2026 165/341 S9 fedqpnt_noloss 10033 ok
Thu Oct  8 22:37:41 2026 166/341 S9 fedqpnt_noloss 10034 ok
Thu Oct  8 22:38:41 2026 167/341 S9 fedqpnt_noloss 10035 ok
Thu Oct  8 22:39:42 2026 168/341 S9 fedqpnt_noloss 10036 ok
Thu Oct  8 22:40:43 2026 169/341 S9 fedqpnt_noloss 10037 ok
Thu Oct  8 22:41:43 2026 170/341 S9 fedqpnt_noloss 10038 ok
Thu Oct  8 22:42:38 2026 171/341 S9 fedqpnt_noloss 10039 ok
Thu Oct  8 22:43:33 2026 172/341 S9 fedqpnt_noloss 10040 ok
Thu Oct  8 22:44:28 2026 173/341 S9 fedqpnt_noloss 10041 ok
Thu Oct  8 22:45:30 2026 174/341 S9 fedqpnt_noloss 10042 ok
Thu Oct  8 22:46:29 2026 175/341 S9 fedqpnt_noloss 10043 ok
Thu Oct  8 22:47:25 2026 176/341 S9 fedqpnt_noloss 10044 ok
Thu Oct  8 22:48:20 2026 177/341 S9 fedqpnt_noloss 10045 ok
Thu Oct  8 22:49:18 2026 178/341 S9 fedqpnt_noloss 10046 ok
Thu Oct  8 22:50:17 2026 179/341 S9 fedqpnt_noloss 10047 ok
Thu Oct  8 22:51:19 2026 180/341 S9 fedqpnt_noloss 10048 ok
Thu Oct  8 22:52:21 2026 181/341 S9 fedqpnt_noloss 10049 ok
Thu Oct  8 22:53:23 2026 182/341 S9 fedqpnt_noloss 10050 ok
Thu Oct  8 22:54:25 2026 183/341 S9 fedqpnt_noloss 10051 ok
Thu Oct  8 22:55:24 2026 184/341 S9 fedqpnt_noloss 10052 ok
Thu Oct  8 22:56:26 2026 185/341 S9 fedqpnt_noloss 10053 ok
Thu Oct  8 22:57:25 2026 186/341 S9 fedqpnt_noloss 10054 ok
Thu Oct  8 22:58:22 2026 187/341 S9 fedqpnt_noloss 10055 ok
Thu Oct  8 22:59:18 2026 188/341 S9 fedqpnt_noloss 10056 ok
Thu Oct  8 23:00:11 2026 189/341 S9 fedqpnt_noloss 10057 ok
Thu Oct  8 23:01:04 2026 190/341 S9 fedqpnt_noloss 10058 ok
Thu Oct  8 23:01:59 2026 191/341 S9 fedqpnt_noloss 10059 ok
Thu Oct  8 23:03:36 2026 192/341 S12-f20 fedqpnt 10030 ok
Thu Oct  8 23:05:12 2026 193/341 S12-f20 fedqpnt 10031 ok
Thu Oct  8 23:06:54 2026 194/341 S12-f20 fedqpnt 10032 ok
Thu Oct  8 23:08:38 2026 195/341 S12-f20 fedqpnt 10033 ok
Thu Oct  8 23:10:27 2026 196/341 S12-f20 fedqpnt 10034 ok
Thu Oct  8 23:12:16 2026 197/341 S12-f20 fedqpnt 10035 ok
Thu Oct  8 23:14:04 2026 198/341 S12-f20 fedqpnt 10036 ok
Thu Oct  8 23:15:53 2026 199/341 S12-f20 fedqpnt 10037 ok
Thu Oct  8 23:17:44 2026 200/341 S12-f20 fedqpnt 10038 ok
Thu Oct  8 23:19:27 2026 201/341 S12-f20 fedqpnt 10039 ok
Thu Oct  8 23:21:20 2026 202/341 S12-f20 fedqpnt 10040 ok
Thu Oct  8 23:23:07 2026 203/341 S12-f20 fedqpnt 10041 ok
Thu Oct  8 23:24:43 2026 204/341 S12-f20 fedqpnt 10042 ok
Thu Oct  8 23:26:31 2026 205/341 S12-f20 fedqpnt 10043 ok
Thu Oct  8 23:28:10 2026 206/341 S12-f20 fedqpnt 10044 ok
Thu Oct  8 23:30:20 2026 207/341 S12-f20 fedqpnt 10045 ok
Thu Oct  8 23:32:29 2026 208/341 S12-f20 fedqpnt 10046 ok
Thu Oct  8 23:34:27 2026 209/341 S12-f20 fedqpnt 10047 ok
Thu Oct  8 23:36:27 2026 210/341 S12-f20 fedqpnt 10048 ok
Thu Oct  8 23:38:21 2026 211/341 S12-f20 fedqpnt 10049 ok
Thu Oct  8 23:40:16 2026 212/341 S12-f20 fedqpnt 10050 ok
Thu Oct  8 23:42:05 2026 213/341 S12-f20 fedqpnt 10051 ok
Thu Oct  8 23:43:47 2026 214/341 S12-f20 fedqpnt 10052 ok
Thu Oct  8 23:45:38 2026 215/341 S12-f20 fedqpnt 10053 ok
Thu Oct  8 23:47:35 2026 216/341 S12-f20 fedqpnt 10054 ok
Thu Oct  8 23:49:32 2026 217/341 S12-f20 fedqpnt 10055 ok
Thu Oct  8 23:51:26 2026 218/341 S12-f20 fedqpnt 10056 ok
Thu Oct  8 23:53:12 2026 219/341 S12-f20 fedqpnt 10057 ok
Thu Oct  8 23:54:52 2026 220/341 S12-f20 fedqpnt 10058 ok
Thu Oct  8 23:56:39 2026 221/341 S12-f20 fedqpnt 10059 ok
Thu Oct  8 23:58:28 2026 222/341 S12-f20 fedqpnt_clean 10030 ok
Fri Oct  9 00:00:11 2026 223/341 S12-f20 fedqpnt_clean 10031 ok
Fri Oct  9 00:01:54 2026 224/341 S12-f20 fedqpnt_clean 10032 ok
Fri Oct  9 00:03:45 2026 225/341 S12-f20 fedqpnt_clean 10033 ok
Fri Oct  9 00:05:39 2026 226/341 S12-f20 fedqpnt_clean 10034 ok
Fri Oct  9 00:07:24 2026 227/341 S12-f20 fedqpnt_clean 10035 ok
Fri Oct  9 00:09:17 2026 228/341 S12-f20 fedqpnt_clean 10036 ok
Fri Oct  9 00:11:06 2026 229/341 S12-f20 fedqpnt_clean 10037 ok
Fri Oct  9 00:13:00 2026 230/341 S12-f20 fedqpnt_clean 10038 ok
Fri Oct  9 00:14:55 2026 231/341 S12-f20 fedqpnt_clean 10039 ok
Fri Oct  9 00:16:46 2026 232/341 S12-f20 fedqpnt_clean 10040 ok
Fri Oct  9 00:18:34 2026 233/341 S12-f20 fedqpnt_clean 10041 ok
Fri Oct  9 00:20:27 2026 234/341 S12-f20 fedqpnt_clean 10042 ok
Fri Oct  9 00:22:23 2026 235/341 S12-f20 fedqpnt_clean 10043 ok
Fri Oct  9 00:24:15 2026 236/341 S12-f20 fedqpnt_clean 10044 ok
Fri Oct  9 00:26:11 2026 237/341 S12-f20 fedqpnt_clean 10045 ok
Fri Oct  9 00:28:13 2026 238/341 S12-f20 fedqpnt_clean 10046 ok
Fri Oct  9 00:30:11 2026 239/341 S12-f20 fedqpnt_clean 10047 ok
Fri Oct  9 00:32:09 2026 240/341 S12-f20 fedqpnt_clean 10048 ok
Fri Oct  9 00:34:02 2026 241/341 S12-f20 fedqpnt_clean 10049 ok
Fri Oct  9 00:35:57 2026 242/341 S12-f20 fedqpnt_clean 10050 ok
Fri Oct  9 00:37:45 2026 243/341 S12-f20 fedqpnt_clean 10051 ok
Fri Oct  9 00:39:45 2026 244/341 S12-f20 fedqpnt_clean 10052 ok
Fri Oct  9 00:41:46 2026 245/341 S12-f20 fedqpnt_clean 10053 ok
Fri Oct  9 00:43:44 2026 246/341 S12-f20 fedqpnt_clean 10054 ok
Fri Oct  9 00:45:41 2026 247/341 S12-f20 fedqpnt_clean 10055 ok
Fri Oct  9 00:47:23 2026 248/341 S12-f20 fedqpnt_clean 10056 ok
Fri Oct  9 00:49:18 2026 249/341 S12-f20 fedqpnt_clean 10057 ok
Fri Oct  9 00:51:18 2026 250/341 S12-f20 fedqpnt_clean 10058 ok
Fri Oct  9 00:53:14 2026 251/341 S12-f20 fedqpnt_clean 10059 ok
Fri Oct  9 00:55:12 2026 252/341 S12-f40 fedqpnt 10030 ok
Fri Oct  9 00:57:07 2026 253/341 S12-f40 fedqpnt 10031 ok
Fri Oct  9 00:59:07 2026 254/341 S12-f40 fedqpnt 10032 ok
Fri Oct  9 01:01:25 2026 255/341 S12-f40 fedqpnt 10033 ok
Fri Oct  9 01:03:34 2026 256/341 S12-f40 fedqpnt 10034 ok
Fri Oct  9 01:05:38 2026 257/341 S12-f40 fedqpnt 10035 ok
Fri Oct  9 01:07:36 2026 258/341 S12-f40 fedqpnt 10036 ok
Fri Oct  9 01:09:36 2026 259/341 S12-f40 fedqpnt 10037 ok
Fri Oct  9 01:11:34 2026 260/341 S12-f40 fedqpnt 10038 ok
Fri Oct  9 01:13:32 2026 261/341 S12-f40 fedqpnt 10039 ok
Fri Oct  9 01:15:39 2026 262/341 S12-f40 fedqpnt 10040 ok
Fri Oct  9 01:17:43 2026 263/341 S12-f40 fedqpnt 10041 ok
Fri Oct  9 01:19:48 2026 264/341 S12-f40 fedqpnt 10042 ok
Fri Oct  9 01:21:48 2026 265/341 S12-f40 fedqpnt 10043 ok
Fri Oct  9 01:23:25 2026 266/341 S12-f40 fedqpnt 10044 ok
Fri Oct  9 01:24:59 2026 267/341 S12-f40 fedqpnt 10045 ok
Fri Oct  9 01:26:31 2026 268/341 S12-f40 fedqpnt 10046 ok
Fri Oct  9 01:28:05 2026 269/341 S12-f40 fedqpnt 10047 ok
Fri Oct  9 01:29:38 2026 270/341 S12-f40 fedqpnt 10048 ok
Fri Oct  9 01:31:10 2026 271/341 S12-f40 fedqpnt 10049 ok
Fri Oct  9 01:32:42 2026 272/341 S12-f40 fedqpnt 10050 ok
Fri Oct  9 01:34:14 2026 273/341 S12-f40 fedqpnt 10051 ok
Fri Oct  9 01:35:46 2026 274/341 S12-f40 fedqpnt 10052 ok
Fri Oct  9 01:37:17 2026 275/341 S12-f40 fedqpnt 10053 ok
Fri Oct  9 01:38:48 2026 276/341 S12-f40 fedqpnt 10054 ok
Fri Oct  9 01:40:20 2026 277/341 S12-f40 fedqpnt 10055 ok
Fri Oct  9 01:41:52 2026 278/341 S12-f40 fedqpnt 10056 ok
Fri Oct  9 01:43:24 2026 279/341 S12-f40 fedqpnt 10057 ok
Fri Oct  9 01:44:55 2026 280/341 S12-f40 fedqpnt 10058 ok
Fri Oct  9 01:46:27 2026 281/341 S12-f40 fedqpnt 10059 ok
Fri Oct  9 01:47:58 2026 282/341 S12-f40 fedqpnt_clean 10030 ok
Fri Oct  9 01:49:30 2026 283/341 S12-f40 fedqpnt_clean 10031 ok
Fri Oct  9 01:51:01 2026 284/341 S12-f40 fedqpnt_clean 10032 ok
Fri Oct  9 01:52:33 2026 285/341 S12-f40 fedqpnt_clean 10033 ok
Fri Oct  9 01:54:04 2026 286/341 S12-f40 fedqpnt_clean 10034 ok
Fri Oct  9 01:55:35 2026 287/341 S12-f40 fedqpnt_clean 10035 ok
Fri Oct  9 01:57:06 2026 288/341 S12-f40 fedqpnt_clean 10036 ok
Fri Oct  9 01:58:39 2026 289/341 S12-f40 fedqpnt_clean 10037 ok
Fri Oct  9 02:00:09 2026 290/341 S12-f40 fedqpnt_clean 10038 ok
Fri Oct  9 02:01:41 2026 291/341 S12-f40 fedqpnt_clean 10039 ok
Fri Oct  9 02:03:12 2026 292/341 S12-f40 fedqpnt_clean 10040 ok
Fri Oct  9 02:04:44 2026 293/341 S12-f40 fedqpnt_clean 10041 ok
Fri Oct  9 02:06:15 2026 294/341 S12-f40 fedqpnt_clean 10042 ok
Fri Oct  9 02:07:46 2026 295/341 S12-f40 fedqpnt_clean 10043 ok
Fri Oct  9 02:09:17 2026 296/341 S12-f40 fedqpnt_clean 10044 ok
Fri Oct  9 02:10:49 2026 297/341 S12-f40 fedqpnt_clean 10045 ok
Fri Oct  9 02:12:20 2026 298/341 S12-f40 fedqpnt_clean 10046 ok
Fri Oct  9 02:13:51 2026 299/341 S12-f40 fedqpnt_clean 10047 ok
Fri Oct  9 02:15:22 2026 300/341 S12-f40 fedqpnt_clean 10048 ok
Fri Oct  9 02:16:53 2026 301/341 S12-f40 fedqpnt_clean 10049 ok
Fri Oct  9 02:18:24 2026 302/341 S12-f40 fedqpnt_clean 10050 ok
Fri Oct  9 02:19:56 2026 303/341 S12-f40 fedqpnt_clean 10051 ok
Fri Oct  9 02:21:28 2026 304/341 S12-f40 fedqpnt_clean 10052 ok
Fri Oct  9 02:23:00 2026 305/341 S12-f40 fedqpnt_clean 10053 ok
Fri Oct  9 02:24:30 2026 306/341 S12-f40 fedqpnt_clean 10054 ok
Fri Oct  9 02:26:02 2026 307/341 S12-f40 fedqpnt_clean 10055 ok
Fri Oct  9 02:27:32 2026 308/341 S12-f40 fedqpnt_clean 10056 ok
Fri Oct  9 02:29:04 2026 309/341 S12-f40 fedqpnt_clean 10057 ok
Fri Oct  9 02:30:35 2026 310/341 S12-f40 fedqpnt_clean 10058 ok
Fri Oct  9 02:32:05 2026 311/341 S12-f40 fedqpnt_clean 10059 ok
Fri Oct  9 02:33:37 2026 312/341 S15 fedqpnt 10030 ok
Fri Oct  9 02:35:08 2026 313/341 S15 fedqpnt 10031 ok
Fri Oct  9 02:36:39 2026 314/341 S15 fedqpnt 10032 ok
Fri Oct  9 02:38:11 2026 315/341 S15 fedqpnt 10033 ok
Fri Oct  9 02:39:42 2026 316/341 S15 fedqpnt 10034 ok
Fri Oct  9 02:41:13 2026 317/341 S15 fedqpnt 10035 ok
Fri Oct  9 02:42:44 2026 318/341 S15 fedqpnt 10036 ok
Fri Oct  9 02:44:15 2026 319/341 S15 fedqpnt 10037 ok
Fri Oct  9 02:45:46 2026 320/341 S15 fedqpnt 10038 ok
Fri Oct  9 02:47:18 2026 321/341 S15 fedqpnt 10039 ok
Fri Oct  9 02:48:50 2026 322/341 S15 fedqpnt 10040 ok
Fri Oct  9 02:50:22 2026 323/341 S15 fedqpnt 10041 ok
Fri Oct  9 02:51:53 2026 324/341 S15 fedqpnt 10042 ok
Fri Oct  9 02:53:25 2026 325/341 S15 fedqpnt 10043 ok
Fri Oct  9 02:54:57 2026 326/341 S15 fedqpnt 10044 ok
Fri Oct  9 02:56:28 2026 327/341 S15 fedqpnt 10045 ok
Fri Oct  9 02:57:59 2026 328/341 S15 fedqpnt 10046 ok
Fri Oct  9 02:59:30 2026 329/341 S15 fedqpnt 10047 ok
Fri Oct  9 03:01:02 2026 330/341 S15 fedqpnt 10048 ok
Fri Oct  9 03:02:33 2026 331/341 S15 fedqpnt 10049 ok
Fri Oct  9 03:04:07 2026 332/341 S15 fedqpnt 10050 ok
Fri Oct  9 03:05:39 2026 333/341 S15 fedqpnt 10051 ok
Fri Oct  9 03:07:10 2026 334/341 S15 fedqpnt 10052 ok
Fri Oct  9 03:08:41 2026 335/341 S15 fedqpnt 10053 ok
Fri Oct  9 03:10:12 2026 336/341 S15 fedqpnt 10054 ok
Fri Oct  9 03:11:43 2026 337/341 S15 fedqpnt 10055 ok
Fri Oct  9 03:13:15 2026 338/341 S15 fedqpnt 10056 ok
Fri Oct  9 03:14:46 2026 339/341 S15 fedqpnt 10057 ok
Fri Oct  9 03:16:18 2026 340/341 S15 fedqpnt 10058 ok
Fri Oct  9 03:17:49 2026 341/341 S15 fedqpnt 10059 ok
DONE {'ok': 341} wall 30596s
PROVENANCE frozen(whole-repo HEAD) valid: True []
PROVENANCE fedqpnt_verdict valid: True []
