manifest: 5340 tasks = 4980 single-node (240 long-spec) + 360 fleet; weights=results/m1/detector_weights_sup_v4.npz; code core-freeze-5 == HEAD on fedqpnt/
Thu Oct  8 18:07:07 2026 phase 1 total 4980 todo 4980 workers 4 reverse=False
Thu Oct  8 18:30:40 2026 25/4980 {'ok': 25} elapsed 1413s
manifest: 5340 tasks = 4980 single-node (240 long-spec) + 360 fleet; weights=results/m1/detector_weights_sup_v4.npz; code core-freeze-5 == HEAD on fedqpnt/
Thu Oct  8 18:47:53 2026 phase 1 total 4980 todo 4936 workers 4 reverse=False
Thu Oct  8 19:29:22 2026 25/4936 {'ok': 25} elapsed 2488s
Thu Oct  8 20:05:00 2026 50/4936 {'ok': 50} elapsed 4627s
Thu Oct  8 20:42:42 2026 75/4936 {'ok': 75} elapsed 6888s
Thu Oct  8 21:16:47 2026 100/4936 {'ok': 100} elapsed 8934s
Thu Oct  8 21:56:14 2026 125/4936 {'ok': 125} elapsed 11301s
Thu Oct  8 22:31:31 2026 150/4936 {'ok': 150} elapsed 13417s
Thu Oct  8 23:06:33 2026 175/4936 {'ok': 175} elapsed 15520s
Thu Oct  8 23:40:01 2026 200/4936 {'ok': 200} elapsed 17528s
Thu Oct  8 23:47:34 2026 225/4936 {'ok': 225} elapsed 17981s
Thu Oct  8 23:54:11 2026 250/4936 {'ok': 250} elapsed 18378s
Fri Oct  9 00:00:46 2026 275/4936 {'ok': 275} elapsed 18772s
Fri Oct  9 00:07:47 2026 300/4936 {'ok': 300} elapsed 19193s
Fri Oct  9 00:15:17 2026 325/4936 {'ok': 325} elapsed 19643s
Fri Oct  9 00:21:59 2026 350/4936 {'ok': 350} elapsed 20045s
Fri Oct  9 00:28:48 2026 375/4936 {'ok': 375} elapsed 20455s
Fri Oct  9 00:36:11 2026 400/4936 {'ok': 400} elapsed 20897s
Fri Oct  9 00:43:53 2026 425/4936 {'ok': 425} elapsed 21359s
Fri Oct  9 00:50:39 2026 450/4936 {'ok': 450} elapsed 21765s
Fri Oct  9 00:57:34 2026 475/4936 {'ok': 475} elapsed 22181s
Fri Oct  9 01:05:31 2026 500/4936 {'ok': 500} elapsed 22658s
Fri Oct  9 01:12:55 2026 525/4936 {'ok': 525} elapsed 23101s
Fri Oct  9 01:20:07 2026 550/4936 {'ok': 550} elapsed 23534s
Fri Oct  9 01:26:45 2026 575/4936 {'ok': 575} elapsed 23932s
Fri Oct  9 01:33:34 2026 600/4936 {'ok': 600} elapsed 24341s
Fri Oct  9 01:39:50 2026 625/4936 {'ok': 625} elapsed 24716s
Fri Oct  9 01:45:59 2026 650/4936 {'ok': 650} elapsed 25085s
Fri Oct  9 01:52:08 2026 675/4936 {'ok': 675} elapsed 25454s
Fri Oct  9 01:59:12 2026 700/4936 {'ok': 700} elapsed 25878s
Fri Oct  9 02:05:19 2026 725/4936 {'ok': 725} elapsed 26245s
Fri Oct  9 02:11:24 2026 750/4936 {'ok': 750} elapsed 26611s
Fri Oct  9 02:17:51 2026 775/4936 {'ok': 775} elapsed 26997s
Fri Oct  9 02:24:39 2026 800/4936 {'ok': 800} elapsed 27406s
Fri Oct  9 02:30:44 2026 825/4936 {'ok': 825} elapsed 27771s
Fri Oct  9 02:36:58 2026 850/4936 {'ok': 850} elapsed 28144s
Fri Oct  9 02:43:24 2026 875/4936 {'ok': 875} elapsed 28531s
Fri Oct  9 02:50:15 2026 900/4936 {'ok': 900} elapsed 28942s
Fri Oct  9 02:56:29 2026 925/4936 {'ok': 925} elapsed 29316s
Fri Oct  9 03:02:37 2026 950/4936 {'ok': 950} elapsed 29683s
Fri Oct  9 03:09:11 2026 975/4936 {'ok': 975} elapsed 30077s
Fri Oct  9 03:15:47 2026 1000/4936 {'ok': 1000} elapsed 30474s
Fri Oct  9 03:21:32 2026 1025/4936 {'ok': 1025} elapsed 30818s
Fri Oct  9 03:26:58 2026 1050/4936 {'ok': 1050} elapsed 31144s
Fri Oct  9 03:33:17 2026 1075/4936 {'ok': 1075} elapsed 31523s
Fri Oct  9 03:38:45 2026 1100/4936 {'ok': 1100} elapsed 31851s
Fri Oct  9 03:44:13 2026 1125/4936 {'ok': 1125} elapsed 32179s
Fri Oct  9 03:49:42 2026 1150/4936 {'ok': 1150} elapsed 32509s
Fri Oct  9 03:56:06 2026 1175/4936 {'ok': 1175} elapsed 32893s
Fri Oct  9 04:01:35 2026 1200/4936 {'ok': 1200} elapsed 33221s
Fri Oct  9 04:07:05 2026 1225/4936 {'ok': 1225} elapsed 33551s
Fri Oct  9 04:12:34 2026 1250/4936 {'ok': 1250} elapsed 33880s
Fri Oct  9 04:18:58 2026 1275/4936 {'ok': 1275} elapsed 34265s
Fri Oct  9 04:24:25 2026 1300/4936 {'ok': 1300} elapsed 34592s
Fri Oct  9 04:29:56 2026 1325/4936 {'ok': 1325} elapsed 34922s
Fri Oct  9 04:35:26 2026 1350/4936 {'ok': 1350} elapsed 35252s
Fri Oct  9 04:41:49 2026 1375/4936 {'ok': 1375} elapsed 35635s
Fri Oct  9 04:47:19 2026 1400/4936 {'ok': 1400} elapsed 35965s
Fri Oct  9 04:52:48 2026 1425/4936 {'ok': 1425} elapsed 36295s
Fri Oct  9 04:58:16 2026 1450/4936 {'ok': 1450} elapsed 36623s
Fri Oct  9 05:04:41 2026 1475/4936 {'ok': 1475} elapsed 37007s
Fri Oct  9 05:10:10 2026 1500/4936 {'ok': 1500} elapsed 37336s
Fri Oct  9 05:15:38 2026 1525/4936 {'ok': 1525} elapsed 37665s
Fri Oct  9 05:21:09 2026 1550/4936 {'ok': 1550} elapsed 37995s
Fri Oct  9 05:27:37 2026 1575/4936 {'ok': 1575} elapsed 38384s
Fri Oct  9 05:33:08 2026 1600/4936 {'ok': 1600} elapsed 38714s
Fri Oct  9 05:38:38 2026 1625/4936 {'ok': 1625} elapsed 39045s
Fri Oct  9 05:44:09 2026 1650/4936 {'ok': 1650} elapsed 39375s
Fri Oct  9 05:50:34 2026 1675/4936 {'ok': 1675} elapsed 39760s
Fri Oct  9 05:56:05 2026 1700/4936 {'ok': 1700} elapsed 40091s
Fri Oct  9 06:01:33 2026 1725/4936 {'ok': 1725} elapsed 40419s
Fri Oct  9 06:07:03 2026 1750/4936 {'ok': 1750} elapsed 40750s
Fri Oct  9 06:13:28 2026 1775/4936 {'ok': 1775} elapsed 41135s
Fri Oct  9 06:18:58 2026 1800/4936 {'ok': 1800} elapsed 41465s
Fri Oct  9 06:24:27 2026 1825/4936 {'ok': 1825} elapsed 41794s
Fri Oct  9 06:29:56 2026 1850/4936 {'ok': 1850} elapsed 42122s
Fri Oct  9 06:36:18 2026 1875/4936 {'ok': 1875} elapsed 42505s
Fri Oct  9 06:41:47 2026 1900/4936 {'ok': 1900} elapsed 42834s
Fri Oct  9 06:47:14 2026 1925/4936 {'ok': 1925} elapsed 43161s
Fri Oct  9 06:52:43 2026 1950/4936 {'ok': 1950} elapsed 43489s
Fri Oct  9 06:59:08 2026 1975/4936 {'ok': 1975} elapsed 43875s
Fri Oct  9 07:04:36 2026 2000/4936 {'ok': 2000} elapsed 44202s
Fri Oct  9 07:10:02 2026 2025/4936 {'ok': 2025} elapsed 44529s
Fri Oct  9 07:15:30 2026 2050/4936 {'ok': 2050} elapsed 44857s
Fri Oct  9 07:21:53 2026 2075/4936 {'ok': 2075} elapsed 45240s
Fri Oct  9 07:27:23 2026 2100/4936 {'ok': 2100} elapsed 45570s
Fri Oct  9 07:32:53 2026 2125/4936 {'ok': 2125} elapsed 45899s
Fri Oct  9 07:38:20 2026 2150/4936 {'ok': 2150} elapsed 46227s
Fri Oct  9 07:44:47 2026 2175/4936 {'ok': 2175} elapsed 46613s
Fri Oct  9 07:50:15 2026 2200/4936 {'ok': 2200} elapsed 46941s
Fri Oct  9 07:55:42 2026 2225/4936 {'ok': 2225} elapsed 47269s
Fri Oct  9 08:01:09 2026 2250/4936 {'ok': 2250} elapsed 47596s
Fri Oct  9 08:07:31 2026 2275/4936 {'ok': 2275} elapsed 47978s
Fri Oct  9 08:12:16 2026 2300/4936 {'ok': 2300} elapsed 48263s
Fri Oct  9 08:15:46 2026 2325/4936 {'ok': 2325} elapsed 48473s
Fri Oct  9 08:18:36 2026 2350/4936 {'ok': 2350} elapsed 48643s
Fri Oct  9 08:21:24 2026 2375/4936 {'ok': 2375} elapsed 48811s
Fri Oct  9 08:24:14 2026 2400/4936 {'ok': 2400} elapsed 48980s
Fri Oct  9 08:27:29 2026 2425/4936 {'ok': 2425} elapsed 49175s
Fri Oct  9 08:30:13 2026 2450/4936 {'ok': 2450} elapsed 49340s
Fri Oct  9 08:32:59 2026 2475/4936 {'ok': 2475} elapsed 49506s
Fri Oct  9 08:35:45 2026 2500/4936 {'ok': 2500} elapsed 49671s
Fri Oct  9 08:38:58 2026 2525/4936 {'ok': 2525} elapsed 49865s
Fri Oct  9 08:41:44 2026 2550/4936 {'ok': 2550} elapsed 50030s
Fri Oct  9 08:44:29 2026 2575/4936 {'ok': 2575} elapsed 50196s
Fri Oct  9 08:47:14 2026 2600/4936 {'ok': 2600} elapsed 50361s
Fri Oct  9 08:50:27 2026 2625/4936 {'ok': 2625} elapsed 50553s
Fri Oct  9 08:53:09 2026 2650/4936 {'ok': 2650} elapsed 50716s
Fri Oct  9 08:55:51 2026 2675/4936 {'ok': 2675} elapsed 50877s
Fri Oct  9 08:58:52 2026 2700/4936 {'ok': 2700} elapsed 51059s
Fri Oct  9 09:02:08 2026 2725/4936 {'ok': 2725} elapsed 51254s
Fri Oct  9 09:05:48 2026 2750/4936 {'ok': 2750} elapsed 51474s
Fri Oct  9 09:09:28 2026 2775/4936 {'ok': 2775} elapsed 51694s
Fri Oct  9 09:13:45 2026 2800/4936 {'ok': 2800} elapsed 51951s
Fri Oct  9 09:17:26 2026 2825/4936 {'ok': 2825} elapsed 52173s
Fri Oct  9 09:21:07 2026 2850/4936 {'ok': 2850} elapsed 52394s
Fri Oct  9 09:24:47 2026 2875/4936 {'ok': 2875} elapsed 52614s
Fri Oct  9 09:29:04 2026 2900/4936 {'ok': 2900} elapsed 52871s
Fri Oct  9 09:32:45 2026 2925/4936 {'ok': 2925} elapsed 53092s
Fri Oct  9 09:36:27 2026 2950/4936 {'ok': 2950} elapsed 53313s
Fri Oct  9 09:40:08 2026 2975/4936 {'ok': 2975} elapsed 53535s
Fri Oct  9 09:44:25 2026 3000/4936 {'ok': 3000} elapsed 53791s
Fri Oct  9 09:48:07 2026 3025/4936 {'ok': 3025} elapsed 54013s
Fri Oct  9 09:51:49 2026 3050/4936 {'ok': 3050} elapsed 54235s
Fri Oct  9 09:55:29 2026 3075/4936 {'ok': 3075} elapsed 54455s
Fri Oct  9 09:59:46 2026 3100/4936 {'ok': 3100} elapsed 54713s
Fri Oct  9 10:03:26 2026 3125/4936 {'ok': 3125} elapsed 54932s
Fri Oct  9 10:13:45 2026 3150/4936 {'ok': 3150} elapsed 55552s
Fri Oct  9 10:27:25 2026 3175/4936 {'ok': 3175} elapsed 56372s
Fri Oct  9 10:41:50 2026 3200/4936 {'ok': 3200} elapsed 57237s
Fri Oct  9 10:56:59 2026 3225/4936 {'ok': 3225} elapsed 58146s
Fri Oct  9 11:10:47 2026 3250/4936 {'ok': 3250} elapsed 58973s
Fri Oct  9 11:24:23 2026 3275/4936 {'ok': 3275} elapsed 59790s
Fri Oct  9 11:39:10 2026 3300/4936 {'ok': 3300} elapsed 60677s
Fri Oct  9 11:52:34 2026 3325/4936 {'ok': 3325} elapsed 61480s
Fri Oct  9 12:03:17 2026 3350/4936 {'ok': 3350} elapsed 62123s
Fri Oct  9 12:13:46 2026 3375/4936 {'ok': 3375} elapsed 62753s
Fri Oct  9 12:26:11 2026 3400/4936 {'ok': 3400} elapsed 63498s
Fri Oct  9 12:36:56 2026 3425/4936 {'ok': 3425} elapsed 64143s
Fri Oct  9 13:02:18 2026 3450/4936 {'ok': 3450} elapsed 65664s
Fri Oct  9 13:34:57 2026 3475/4936 {'ok': 3475} elapsed 67623s
Fri Oct  9 14:09:30 2026 3500/4936 {'ok': 3500} elapsed 69697s
Fri Oct  9 14:45:49 2026 3525/4936 {'ok': 3525} elapsed 71875s
Fri Oct  9 15:18:31 2026 3550/4936 {'ok': 3550} elapsed 73837s
Fri Oct  9 15:50:33 2026 3575/4936 {'ok': 3575} elapsed 75759s
Fri Oct  9 16:24:55 2026 3600/4936 {'ok': 3600} elapsed 77822s
Fri Oct  9 17:00:27 2026 3625/4936 {'ok': 3625} elapsed 79954s
Fri Oct  9 17:32:29 2026 3650/4936 {'ok': 3650} elapsed 81875s
Fri Oct  9 18:05:10 2026 3675/4936 {'ok': 3675} elapsed 83836s
Fri Oct  9 18:39:22 2026 3700/4936 {'ok': 3700} elapsed 85888s
Fri Oct  9 19:14:52 2026 3725/4936 {'ok': 3725} elapsed 88018s
Fri Oct  9 19:47:08 2026 3750/4936 {'ok': 3750} elapsed 89954s
Fri Oct  9 20:19:37 2026 3775/4936 {'ok': 3775} elapsed 91903s
Fri Oct  9 20:47:37 2026 3800/4936 {'ok': 3800} elapsed 93583s
Fri Oct  9 20:50:47 2026 3825/4936 {'ok': 3825} elapsed 93774s
Fri Oct  9 20:53:48 2026 3850/4936 {'ok': 3850} elapsed 93955s
Fri Oct  9 20:56:32 2026 3875/4936 {'ok': 3875} elapsed 94119s
Fri Oct  9 20:59:28 2026 3900/4936 {'ok': 3900} elapsed 94294s
Fri Oct  9 21:02:10 2026 3925/4936 {'ok': 3925} elapsed 94457s
Fri Oct  9 21:05:11 2026 3950/4936 {'ok': 3950} elapsed 94637s
Fri Oct  9 21:07:54 2026 3975/4936 {'ok': 3975} elapsed 94800s
Fri Oct  9 21:11:03 2026 4000/4936 {'ok': 4000} elapsed 94989s
Fri Oct  9 21:13:48 2026 4025/4936 {'ok': 4025} elapsed 95155s
Fri Oct  9 21:17:09 2026 4050/4936 {'ok': 4050} elapsed 95356s
Fri Oct  9 21:20:25 2026 4075/4936 {'ok': 4075} elapsed 95551s
Fri Oct  9 21:24:02 2026 4100/4936 {'ok': 4100} elapsed 95768s
Fri Oct  9 21:27:15 2026 4125/4936 {'ok': 4125} elapsed 95961s
Fri Oct  9 21:30:32 2026 4150/4936 {'ok': 4150} elapsed 96159s
Fri Oct  9 21:33:45 2026 4175/4936 {'ok': 4175} elapsed 96352s
Fri Oct  9 21:37:18 2026 4200/4936 {'ok': 4200} elapsed 96565s
Fri Oct  9 21:40:29 2026 4225/4936 {'ok': 4225} elapsed 96756s
Fri Oct  9 21:43:45 2026 4250/4936 {'ok': 4250} elapsed 96951s
Fri Oct  9 21:47:06 2026 4275/4936 {'ok': 4275} elapsed 97152s
Fri Oct  9 21:52:00 2026 4300/4936 {'ok': 4300} elapsed 97447s
Fri Oct  9 21:56:18 2026 4325/4936 {'ok': 4325} elapsed 97705s
Fri Oct  9 22:00:37 2026 4350/4936 {'ok': 4350} elapsed 97963s
Fri Oct  9 22:04:55 2026 4375/4936 {'ok': 4375} elapsed 98222s
Fri Oct  9 22:09:55 2026 4400/4936 {'ok': 4400} elapsed 98522s
Fri Oct  9 22:14:16 2026 4425/4936 {'ok': 4425} elapsed 98782s
Fri Oct  9 22:18:36 2026 4450/4936 {'ok': 4450} elapsed 99043s
Fri Oct  9 22:22:57 2026 4475/4936 {'ok': 4475} elapsed 99304s
Fri Oct  9 22:28:00 2026 4500/4936 {'ok': 4500} elapsed 99606s
Fri Oct  9 22:33:03 2026 4525/4936 {'ok': 4525} elapsed 99910s
Fri Oct  9 22:39:09 2026 4550/4936 {'ok': 4550} elapsed 100276s
Fri Oct  9 22:45:40 2026 4575/4936 {'ok': 4575} elapsed 100667s
Fri Oct  9 22:51:53 2026 4600/4936 {'ok': 4600} elapsed 101039s
Fri Oct  9 22:57:46 2026 4625/4936 {'ok': 4625} elapsed 101392s
Fri Oct  9 23:03:42 2026 4650/4936 {'ok': 4650} elapsed 101748s
Fri Oct  9 23:10:35 2026 4675/4936 {'ok': 4675} elapsed 102162s
Fri Oct  9 23:16:30 2026 4700/4936 {'ok': 4700} elapsed 102516s
Fri Oct  9 23:22:25 2026 4725/4936 {'ok': 4725} elapsed 102871s
Fri Oct  9 23:28:20 2026 4750/4936 {'ok': 4750} elapsed 103226s
Fri Oct  9 23:32:08 2026 4775/4936 {'ok': 4775} elapsed 103454s
Fri Oct  9 23:34:52 2026 4800/4936 {'ok': 4800} elapsed 103619s
Fri Oct  9 23:37:58 2026 4825/4936 {'ok': 4825} elapsed 103804s
Fri Oct  9 23:40:45 2026 4850/4936 {'ok': 4850} elapsed 103972s
Fri Oct  9 23:43:32 2026 4875/4936 {'ok': 4873, 'skipped_claimed': 2} elapsed 104138s
Fri Oct  9 23:43:32 2026 4900/4936 {'ok': 4873, 'skipped_claimed': 27} elapsed 104138s
Fri Oct  9 23:43:32 2026 4925/4936 {'ok': 4873, 'skipped_claimed': 52} elapsed 104138s
DONE {'ok': 4876, 'skipped_claimed': 60} wall 104145s
PROVENANCE frozen(whole-repo HEAD) valid: False ['HEAD changed during run: b2677b7b540347eb3f802ecfa83d060f89d58cb4 -> 8ef13593c7ce07a82f2648bbfbd2b09c86426e8c']
PROVENANCE fedqpnt_verdict valid: True []
