fedqpnt from C:\Users\DELL\Downloads\FEDQPNT_diag\fedqpnt\__init__.py
S2-med|tactical|fedqpnt_local|530 {'rmse_h_pre': nan, 'rmse_h_att': 1722.12, 'rmse_v_att': 20.12, 'max_h_att': 4531.26, 'rmse_h_post': 2474.9, 'max_h_post': 7069.64, 't_det': 61.0, 't_rec': 60.0, 'mean_w_gnss_att': 0.06, 'fpr': 0.16, 'far_per_hour': 0.0, 'latency_on': 1.0, 'anees_pos_pre': nan, 'mean_w_pos_att': 0.06, 'mean_w_clk_att': 0.06}
S2-med|tactical|fedqpnt_local|531 {'rmse_h_pre': nan, 'rmse_h_att': 2245.11, 'rmse_v_att': 24.37, 'max_h_att': 5680.28, 'rmse_h_post': 3047.14, 'max_h_post': 8609.45, 't_det': 61.0, 't_rec': 56.0, 'mean_w_gnss_att': 0.06, 'fpr': 0.16, 'far_per_hour': 0.0, 'latency_on': 1.0, 'anees_pos_pre': nan, 'mean_w_pos_att': 0.06, 'mean_w_clk_att': 0.06}
S2-med|tactical|fedqpnt_local|532 {'rmse_h_pre': nan, 'rmse_h_att': 662.83, 'rmse_v_att': 6.64, 'max_h_att': 1591.99, 'rmse_h_post': 816.5, 'max_h_post': 2222.04, 't_det': 61.0, 't_rec': 49.0, 'mean_w_gnss_att': 0.06, 'fpr': 0.16, 'far_per_hour': 0.0, 'latency_on': 1.0, 'anees_pos_pre': nan, 'mean_w_pos_att': 0.06, 'mean_w_clk_att': 0.06}
fedqpnt from C:\Users\DELL\Downloads\FEDQPNT_diag\fedqpnt\__init__.py
S2-med|industrial_mems|fedqpnt_local|530 {'rmse_h_pre': nan, 'rmse_h_att': 2378.57, 'rmse_v_att': 30.43, 'max_h_att': 6545.8, 'rmse_h_post': 3646.38, 'max_h_post': 10542.56, 't_det': 61.0, 't_rec': 56.0, 'mean_w_gnss_att': 0.06, 'fpr': 0.16, 'far_per_hour': 0.0, 'latency_on': 1.0, 'anees_pos_pre': nan, 'mean_w_pos_att': 0.06, 'mean_w_clk_att': 0.06}
fedqpnt from C:\Users\DELL\Downloads\FEDQPNT_diag\fedqpnt\__init__.py
S2-med|industrial_mems|fedqpnt_local|531 {'rmse_h_pre': nan, 'rmse_h_att': 521.7, 'rmse_v_att': 6.1, 'max_h_att': 1372.69, 'rmse_h_post': 751.51, 'max_h_post': 2157.23, 't_det': 61.0, 't_rec': 49.0, 'mean_w_gnss_att': 0.06, 'fpr': 0.16, 'far_per_hour': 0.0, 'latency_on': 1.0, 'anees_pos_pre': nan, 'mean_w_pos_att': 0.06, 'mean_w_clk_att': 0.06}
S2-med|industrial_mems|fedqpnt_local|532 {'rmse_h_pre': nan, 'rmse_h_att': 953.86, 'rmse_v_att': 10.97, 'max_h_att': 2359.5, 'rmse_h_post': 1234.93, 'max_h_post': 3407.49, 't_det': 61.0, 't_rec': 49.0, 'mean_w_gnss_att': 0.06, 'fpr': 0.16, 'far_per_hour': 0.0, 'latency_on': 1.0, 'anees_pos_pre': nan, 'mean_w_pos_att': 0.06, 'mean_w_clk_att': 0.06}
fedqpnt from C:\Users\DELL\Downloads\FEDQPNT_diag\fedqpnt\__init__.py
S3|industrial_mems|fedqpnt_local|530 {'rmse_h_pre': nan, 'rmse_h_att': 16.84, 'rmse_v_att': 1.52, 'max_h_att': 51.45, 'rmse_h_post': 1.73, 'max_h_post': 4.86, 't_det': nan, 't_rec': 13.78, 'mean_w_gnss_att': 0.97, 'fpr': 0.0, 'far_per_hour': 0.0, 'latency_on': 62.0, 'anees_pos_pre': nan, 'mean_w_pos_att': 1.0, 'mean_w_clk_att': 0.97}
S3|industrial_mems|fedqpnt_local|531 {'rmse_h_pre': nan, 'rmse_h_att': 10.0, 'rmse_v_att': 0.49, 'max_h_att': 24.22, 'rmse_h_post': 2.51, 'max_h_post': 3.58, 't_det': nan, 't_rec': 1.0, 'mean_w_gnss_att': 0.97, 'fpr': 0.0, 'far_per_hour': 0.0, 'latency_on': 62.0, 'anees_pos_pre': nan, 'mean_w_pos_att': 1.0, 'mean_w_clk_att': 0.97}
S3|industrial_mems|fedqpnt_local|532 {'rmse_h_pre': nan, 'rmse_h_att': 32.14, 'rmse_v_att': 1.52, 'max_h_att': 72.36, 'rmse_h_post': 3.78, 'max_h_post': 4.83, 't_det': nan, 't_rec': 1.0, 'mean_w_gnss_att': 0.93, 'fpr': 0.0, 'far_per_hour': 0.0, 'latency_on': 62.0, 'anees_pos_pre': nan, 'mean_w_pos_att': 0.98, 'mean_w_clk_att': 0.93}
fedqpnt from C:\Users\DELL\Downloads\FEDQPNT_diag\fedqpnt\__init__.py
S1|industrial_mems|fedqpnt_local|530 {'rmse_h_pre': 1.25, 'rmse_h_att': nan, 'rmse_v_att': nan, 'max_h_att': nan, 'rmse_h_post': nan, 'max_h_post': nan, 't_det': nan, 't_rec': nan, 'mean_w_gnss_att': nan, 'fpr': 0.0, 'far_per_hour': 0.0, 'latency_on': nan, 'anees_pos_pre': 1.02, 'mean_w_pos_att': nan, 'mean_w_clk_att': nan}
S1|industrial_mems|fedqpnt_local|531 {'rmse_h_pre': 1.58, 'rmse_h_att': nan, 'rmse_v_att': nan, 'max_h_att': nan, 'rmse_h_post': nan, 'max_h_post': nan, 't_det': nan, 't_rec': nan, 'mean_w_gnss_att': nan, 'fpr': 0.0, 'far_per_hour': 0.0, 'latency_on': nan, 'anees_pos_pre': 0.38, 'mean_w_pos_att': nan, 'mean_w_clk_att': nan}
S1|industrial_mems|fedqpnt_local|532 {'rmse_h_pre': 2.91, 'rmse_h_att': nan, 'rmse_v_att': nan, 'max_h_att': nan, 'rmse_h_post': nan, 'max_h_post': nan, 't_det': nan, 't_rec': nan, 'mean_w_gnss_att': nan, 'fpr': 0.0, 'far_per_hour': 0.0, 'latency_on': nan, 'anees_pos_pre': 0.77, 'mean_w_pos_att': nan, 'mean_w_clk_att': nan}
fedqpnt from C:\Users\DELL\Downloads\FEDQPNT_diag\fedqpnt\__init__.py
S3|tactical|fedqpnt_local|530 {'rmse_h_pre': nan, 'rmse_h_att': 26.3, 'rmse_v_att': 1.33, 'max_h_att': 64.8, 'rmse_h_post': 1.55, 'max_h_post': 3.51, 't_det': nan, 't_rec': 5.0, 'mean_w_gnss_att': 0.97, 'fpr': 0.0, 'far_per_hour': 0.0, 'latency_on': 62.0, 'anees_pos_pre': nan, 'mean_w_pos_att': 1.0, 'mean_w_clk_att': 0.97}
S3|tactical|fedqpnt_local|531 {'rmse_h_pre': nan, 'rmse_h_att': 41.97, 'rmse_v_att': 2.06, 'max_h_att': 102.83, 'rmse_h_post': 3.28, 'max_h_post': 15.62, 't_det': nan, 't_rec': 57.0, 'mean_w_gnss_att': 0.97, 'fpr': 0.0, 'far_per_hour': 0.0, 'latency_on': 62.0, 'anees_pos_pre': nan, 'mean_w_pos_att': 1.0, 'mean_w_clk_att': 0.97}
S3|tactical|fedqpnt_local|532 {'rmse_h_pre': nan, 'rmse_h_att': 17.57, 'rmse_v_att': 0.86, 'max_h_att': 41.45, 'rmse_h_post': 4.09, 'max_h_post': 4.9, 't_det': nan, 't_rec': nan, 'mean_w_gnss_att': 0.93, 'fpr': 0.0, 'far_per_hour': 0.0, 'latency_on': 62.0, 'anees_pos_pre': nan, 'mean_w_pos_att': 0.98, 'mean_w_clk_att': 0.93}
fedqpnt from C:\Users\DELL\Downloads\FEDQPNT_diag\fedqpnt\__init__.py
S1|tactical|fedqpnt_local|530 {'rmse_h_pre': 1.3, 'rmse_h_att': nan, 'rmse_v_att': nan, 'max_h_att': nan, 'rmse_h_post': nan, 'max_h_post': nan, 't_det': nan, 't_rec': nan, 'mean_w_gnss_att': nan, 'fpr': 0.0, 'far_per_hour': 0.0, 'latency_on': nan, 'anees_pos_pre': 1.01, 'mean_w_pos_att': nan, 'mean_w_clk_att': nan}
S1|tactical|fedqpnt_local|531 {'rmse_h_pre': 1.61, 'rmse_h_att': nan, 'rmse_v_att': nan, 'max_h_att': nan, 'rmse_h_post': nan, 'max_h_post': nan, 't_det': nan, 't_rec': nan, 'mean_w_gnss_att': nan, 'fpr': 0.0, 'far_per_hour': 0.0, 'latency_on': nan, 'anees_pos_pre': 0.44, 'mean_w_pos_att': nan, 'mean_w_clk_att': nan}
S1|tactical|fedqpnt_local|532 {'rmse_h_pre': 2.94, 'rmse_h_att': nan, 'rmse_v_att': nan, 'max_h_att': nan, 'rmse_h_post': nan, 'max_h_post': nan, 't_det': nan, 't_rec': nan, 'mean_w_gnss_att': nan, 'fpr': 0.0, 'far_per_hour': 0.0, 'latency_on': nan, 'anees_pos_pre': 0.83, 'mean_w_pos_att': nan, 'mean_w_clk_att': nan}
