fedqpnt from C:\Users\DELL\Downloads\FEDQPNT\fedqpnt\__init__.py
S2-med|tactical|fedqpnt_local|530 {'rmse_h_pre': nan, 'rmse_h_att': 2296.86, 'rmse_v_att': 26.79, 'max_h_att': 6036.75, 'rmse_h_post': 21248.15, 'max_h_post': 38016.62, 't_det': 61.0, 't_rec': nan, 'mean_w_gnss_att': 0.06, 'fpr': 0.9, 'far_per_hour': 0.0, 'latency_on': 1.0, 'anees_pos_pre': nan, 'mean_w_pos_att': 0.06, 'mean_w_clk_att': 0.06}
S2-med|tactical|fedqpnt_local|531 {'rmse_h_pre': nan, 'rmse_h_att': 2806.81, 'rmse_v_att': 30.46, 'max_h_att': 7095.53, 'rmse_h_post': 23667.29, 'max_h_post': 41767.43, 't_det': 61.0, 't_rec': nan, 'mean_w_gnss_att': 0.06, 'fpr': 0.9, 'far_per_hour': 0.0, 'latency_on': 1.0, 'anees_pos_pre': nan, 'mean_w_pos_att': 0.06, 'mean_w_clk_att': 0.06}
S2-med|tactical|fedqpnt_local|532 {'rmse_h_pre': nan, 'rmse_h_att': 1282.32, 'rmse_v_att': 13.22, 'max_h_att': 3128.14, 'rmse_h_post': 1622.63, 'max_h_post': 4458.1, 't_det': 61.0, 't_rec': 49.0, 'mean_w_gnss_att': 0.06, 'fpr': 0.63, 'far_per_hour': 24.16, 'latency_on': 1.0, 'anees_pos_pre': nan, 'mean_w_pos_att': 0.06, 'mean_w_clk_att': 0.06}
fedqpnt from C:\Users\DELL\Downloads\FEDQPNT\fedqpnt\__init__.py
S2-med|industrial_mems|fedqpnt_local|530 {'rmse_h_pre': nan, 'rmse_h_att': 11418.74, 'rmse_v_att': 135.55, 'max_h_att': 30233.09, 'rmse_h_post': 106739.54, 'max_h_post': 190649.85, 't_det': 61.0, 't_rec': nan, 'mean_w_gnss_att': 0.06, 'fpr': 0.9, 'far_per_hour': 0.0, 'latency_on': 1.0, 'anees_pos_pre': nan, 'mean_w_pos_att': 0.06, 'mean_w_clk_att': 0.06}
fedqpnt from C:\Users\DELL\Downloads\FEDQPNT\fedqpnt\__init__.py
S2-med|industrial_mems|fedqpnt_local|531 {'rmse_h_pre': nan, 'rmse_h_att': 12505.79, 'rmse_v_att': 136.99, 'max_h_att': 31603.92, 'rmse_h_post': 106173.83, 'max_h_post': 188360.08, 't_det': 61.0, 't_rec': nan, 'mean_w_gnss_att': 0.06, 'fpr': 0.9, 'far_per_hour': 0.0, 'latency_on': 1.0, 'anees_pos_pre': nan, 'mean_w_pos_att': 0.06, 'mean_w_clk_att': 0.06}
S2-med|industrial_mems|fedqpnt_local|532 {'rmse_h_pre': nan, 'rmse_h_att': 7356.57, 'rmse_v_att': 76.97, 'max_h_att': 18100.09, 'rmse_h_post': 49477.43, 'max_h_post': 81686.42, 't_det': 61.0, 't_rec': nan, 'mean_w_gnss_att': 0.06, 'fpr': 0.9, 'far_per_hour': 0.0, 'latency_on': 1.0, 'anees_pos_pre': nan, 'mean_w_pos_att': 0.06, 'mean_w_clk_att': 0.06}
fedqpnt from C:\Users\DELL\Downloads\FEDQPNT\fedqpnt\__init__.py
S3|industrial_mems|fedqpnt_local|530 {'rmse_h_pre': nan, 'rmse_h_att': 171.65, 'rmse_v_att': 8.55, 'max_h_att': 419.15, 'rmse_h_post': 91.03, 'max_h_post': 335.36, 't_det': nan, 't_rec': nan, 'mean_w_gnss_att': 0.97, 'fpr': 0.86, 'far_per_hour': 45.38, 'latency_on': 62.0, 'anees_pos_pre': nan, 'mean_w_pos_att': 1.0, 'mean_w_clk_att': 0.97}
S3|industrial_mems|fedqpnt_local|531 {'rmse_h_pre': nan, 'rmse_h_att': 225.11, 'rmse_v_att': 10.85, 'max_h_att': 546.08, 'rmse_h_post': 1711.38, 'max_h_post': 3868.34, 't_det': nan, 't_rec': nan, 'mean_w_gnss_att': 0.97, 'fpr': 0.87, 'far_per_hour': 15.13, 'latency_on': 62.0, 'anees_pos_pre': nan, 'mean_w_pos_att': 1.0, 'mean_w_clk_att': 0.97}
S3|industrial_mems|fedqpnt_local|532 {'rmse_h_pre': nan, 'rmse_h_att': 160.45, 'rmse_v_att': 7.67, 'max_h_att': 385.23, 'rmse_h_post': 5.37, 'max_h_post': 15.36, 't_det': nan, 't_rec': nan, 'mean_w_gnss_att': 0.93, 'fpr': 0.0, 'far_per_hour': 0.0, 'latency_on': 62.0, 'anees_pos_pre': nan, 'mean_w_pos_att': 0.98, 'mean_w_clk_att': 0.93}
fedqpnt from C:\Users\DELL\Downloads\FEDQPNT\fedqpnt\__init__.py
S1|industrial_mems|fedqpnt_local|530 {'rmse_h_pre': 1.5, 'rmse_h_att': nan, 'rmse_v_att': nan, 'max_h_att': nan, 'rmse_h_post': nan, 'max_h_post': nan, 't_det': nan, 't_rec': nan, 'mean_w_gnss_att': nan, 'fpr': 0.0, 'far_per_hour': 0.0, 'latency_on': nan, 'anees_pos_pre': 1.02, 'mean_w_pos_att': nan, 'mean_w_clk_att': nan}
S1|industrial_mems|fedqpnt_local|531 {'rmse_h_pre': 2.04, 'rmse_h_att': nan, 'rmse_v_att': nan, 'max_h_att': nan, 'rmse_h_post': nan, 'max_h_post': nan, 't_det': nan, 't_rec': nan, 'mean_w_gnss_att': nan, 'fpr': 0.0, 'far_per_hour': 0.0, 'latency_on': nan, 'anees_pos_pre': 0.47, 'mean_w_pos_att': nan, 'mean_w_clk_att': nan}
S1|industrial_mems|fedqpnt_local|532 {'rmse_h_pre': 3.2, 'rmse_h_att': nan, 'rmse_v_att': nan, 'max_h_att': nan, 'rmse_h_post': nan, 'max_h_post': nan, 't_det': nan, 't_rec': nan, 'mean_w_gnss_att': nan, 'fpr': 0.0, 'far_per_hour': 0.0, 'latency_on': nan, 'anees_pos_pre': 0.87, 'mean_w_pos_att': nan, 'mean_w_clk_att': nan}
fedqpnt from C:\Users\DELL\Downloads\FEDQPNT\fedqpnt\__init__.py
S3|tactical|fedqpnt_local|530 {'rmse_h_pre': nan, 'rmse_h_att': 35.47, 'rmse_v_att': 1.75, 'max_h_att': 86.4, 'rmse_h_post': 1.73, 'max_h_post': 4.15, 't_det': nan, 't_rec': 20.08, 'mean_w_gnss_att': 0.97, 'fpr': 0.0, 'far_per_hour': 0.0, 'latency_on': 62.0, 'anees_pos_pre': nan, 'mean_w_pos_att': 1.0, 'mean_w_clk_att': 0.97}
S3|tactical|fedqpnt_local|531 {'rmse_h_pre': nan, 'rmse_h_att': 50.33, 'rmse_v_att': 2.48, 'max_h_att': 123.52, 'rmse_h_post': 3.7, 'max_h_post': 15.29, 't_det': nan, 't_rec': 63.0, 'mean_w_gnss_att': 0.97, 'fpr': 0.0, 'far_per_hour': 0.0, 'latency_on': 62.0, 'anees_pos_pre': nan, 'mean_w_pos_att': 1.0, 'mean_w_clk_att': 0.97}
S3|tactical|fedqpnt_local|532 {'rmse_h_pre': nan, 'rmse_h_att': 28.22, 'rmse_v_att': 1.39, 'max_h_att': 68.08, 'rmse_h_post': 4.35, 'max_h_post': 5.9, 't_det': nan, 't_rec': nan, 'mean_w_gnss_att': 0.93, 'fpr': 0.0, 'far_per_hour': 0.0, 'latency_on': 62.0, 'anees_pos_pre': nan, 'mean_w_pos_att': 0.98, 'mean_w_clk_att': 0.93}
fedqpnt from C:\Users\DELL\Downloads\FEDQPNT\fedqpnt\__init__.py
S1|tactical|fedqpnt_local|530 {'rmse_h_pre': 1.33, 'rmse_h_att': nan, 'rmse_v_att': nan, 'max_h_att': nan, 'rmse_h_post': nan, 'max_h_post': nan, 't_det': nan, 't_rec': nan, 'mean_w_gnss_att': nan, 'fpr': 0.0, 'far_per_hour': 0.0, 'latency_on': nan, 'anees_pos_pre': 1.01, 'mean_w_pos_att': nan, 'mean_w_clk_att': nan}
S1|tactical|fedqpnt_local|531 {'rmse_h_pre': 1.64, 'rmse_h_att': nan, 'rmse_v_att': nan, 'max_h_att': nan, 'rmse_h_post': nan, 'max_h_post': nan, 't_det': nan, 't_rec': nan, 'mean_w_gnss_att': nan, 'fpr': 0.0, 'far_per_hour': 0.0, 'latency_on': nan, 'anees_pos_pre': 0.45, 'mean_w_pos_att': nan, 'mean_w_clk_att': nan}
S1|tactical|fedqpnt_local|532 {'rmse_h_pre': 2.97, 'rmse_h_att': nan, 'rmse_v_att': nan, 'max_h_att': nan, 'rmse_h_post': nan, 'max_h_post': nan, 't_det': nan, 't_rec': nan, 'mean_w_gnss_att': nan, 'fpr': 0.0, 'far_per_hour': 0.0, 'latency_on': nan, 'anees_pos_pre': 0.84, 'mean_w_pos_att': nan, 'mean_w_clk_att': nan}
fedqpnt from C:\Users\DELL\Downloads\FEDQPNT\fedqpnt\__init__.py
S2-med|tactical|abl_minus_quantum|530 {'rmse_h_pre': nan, 'rmse_h_att': 987.29, 'rmse_v_att': 11.39, 'max_h_att': 2584.82, 'rmse_h_post': 1403.07, 'max_h_post': 3990.78, 't_det': 61.0, 't_rec': 216.39, 'mean_w_gnss_att': 0.06, 'fpr': 0.89, 'far_per_hour': 48.32, 'latency_on': 1.0, 'anees_pos_pre': nan, 'mean_w_pos_att': 0.06, 'mean_w_clk_att': 0.06}
S2-med|tactical|abl_minus_quantum|531 {'rmse_h_pre': nan, 'rmse_h_att': 1139.56, 'rmse_v_att': 12.39, 'max_h_att': 2888.33, 'rmse_h_post': 1555.56, 'max_h_post': 4407.43, 't_det': 61.0, 't_rec': 63.57, 'mean_w_gnss_att': 0.06, 'fpr': 0.89, 'far_per_hour': 48.32, 'latency_on': 1.0, 'anees_pos_pre': nan, 'mean_w_pos_att': 0.06, 'mean_w_clk_att': 0.06}
S2-med|tactical|abl_minus_quantum|532 {'rmse_h_pre': nan, 'rmse_h_att': 297.84, 'rmse_v_att': 3.5, 'max_h_att': 762.36, 'rmse_h_post': 404.41, 'max_h_post': 1127.09, 't_det': 61.0, 't_rec': 54.39, 'mean_w_gnss_att': 0.06, 'fpr': 0.89, 'far_per_hour': 48.32, 'latency_on': 1.0, 'anees_pos_pre': nan, 'mean_w_pos_att': 0.06, 'mean_w_clk_att': 0.06}
_clk_att': 0.06}
fedqpnt from C:\Users\DELL\Downloads\FEDQPNT\fedqpnt\__init__.py
S2-med|tactical|baseline_a|530 {'rmse_h_pre': nan, 'rmse_h_att': 1659.94, 'rmse_v_att': 19.66, 'max_h_att': 4399.72, 'rmse_h_post': 383.91, 'max_h_post': 4488.12, 't_det': 63.0, 't_rec': 8.0, 'mean_w_gnss_att': 0.03, 'fpr': 0.01, 'far_per_hour': 0.0, 'latency_on': 3.0, 'anees_pos_pre': nan, 'mean_w_pos_att': 0.03, 'mean_w_clk_att': 0.03}
S2-med|tactical|baseline_a|531 {'rmse_h_pre': nan, 'rmse_h_att': 1385.35, 'rmse_v_att': 15.21, 'max_h_att': 3529.72, 'rmse_h_post': 0.68, 'max_h_post': 4.81, 't_det': 63.0, 't_rec': 2.0, 'mean_w_gnss_att': 0.03, 'fpr': 0.0, 'far_per_hour': 0.0, 'latency_on': 3.0, 'anees_pos_pre': nan, 'mean_w_pos_att': 0.03, 'mean_w_clk_att': 0.03}
S2-med|tactical|baseline_a|532 {'rmse_h_pre': nan, 'rmse_h_att': 33.17, 'rmse_v_att': 0.48, 'max_h_att': 83.24, 'rmse_h_post': 1.41, 'max_h_post': 3.04, 't_det': 63.0, 't_rec': 10.0, 'mean_w_gnss_att': 0.03, 'fpr': 0.0, 'far_per_hour': 0.0, 'latency_on': 3.0, 'anees_pos_pre': nan, 'mean_w_pos_att': 0.03, 'mean_w_clk_att': 0.03}
: 0.03, 'mean_w_clk_att': 0.03}
