Sat Oct  3 10:25:39 2026 S5 fedqpnt 10000 ok
Sat Oct  3 10:28:17 2026 S5 fedqpnt 10001 ok
Sat Oct  3 10:32:15 2026 S5 fedqpnt 10002 ok
Sat Oct  3 10:36:29 2026 S5 fedqpnt 10003 ok
Sat Oct  3 10:40:18 2026 S5 fedqpnt 10004 ok
Sat Oct  3 10:43:45 2026 S5 fedqpnt 10005 ok
Sat Oct  3 10:48:10 2026 S5 fedqpnt 10006 ok
Sat Oct  3 10:52:11 2026 S5 fedqpnt 10007 ok
Sat Oct  3 10:56:16 2026 S5 fedqpnt 10008 ok
Sat Oct  3 11:00:37 2026 S5 fedqpnt 10009 ok
Sat Oct  3 11:05:06 2026 S5 fedqpnt 10010 ok
Sat Oct  3 11:08:01 2026 S5 fedqpnt 10011 ok
Sat Oct  3 11:10:44 2026 S5 fedqpnt 10012 ok
Sat Oct  3 11:13:28 2026 S5 fedqpnt 10013 ok
Sat Oct  3 11:16:10 2026 S5 fedqpnt 10014 ok
Sat Oct  3 11:18:54 2026 S5 fedqpnt 10015 ok
Sat Oct  3 11:21:36 2026 S5 fedqpnt 10016 ok
Sat Oct  3 11:24:19 2026 S5 fedqpnt 10017 ok
Sat Oct  3 11:27:01 2026 S5 fedqpnt 10018 ok
Sat Oct  3 11:29:40 2026 S5 fedqpnt 10019 ok
Sat Oct  3 11:32:21 2026 S5 fedqpnt 10020 ok
Sat Oct  3 11:35:02 2026 S5 fedqpnt 10021 ok
Sat Oct  3 11:37:45 2026 S5 fedqpnt 10022 ok
Sat Oct  3 11:41:06 2026 S5 fedqpnt 10023 ok
Sat Oct  3 11:43:35 2026 S5 fedqpnt 10024 ok
Sat Oct  3 11:46:32 2026 S5 fedqpnt 10025 ok
Sat Oct  3 11:49:07 2026 S5 fedqpnt 10026 ok
Sat Oct  3 11:51:58 2026 S5 fedqpnt 10027 ok
Sat Oct  3 11:54:32 2026 S5 fedqpnt 10028 ok
Sat Oct  3 11:57:21 2026 S5 fedqpnt 10029 ok
Sat Oct  3 12:02:00 2026 S5 baseline_a 10000 ok
Sat Oct  3 17:13:06 2026 S5 baseline_a 10001 ok
Sun Oct  4 00:24:09 2026 S5 baseline_a 10002 ok
Sun Oct  4 00:36:24 2026 S5 baseline_a 10003 ok
Sun Oct  4 00:48:05 2026 S5 baseline_a 10004 ok
Sun Oct  4 00:58:29 2026 S5 baseline_a 10005 ok
Sun Oct  4 01:09:24 2026 S5 baseline_a 10006 ok
Sun Oct  4 01:20:13 2026 S5 baseline_a 10007 ok
Sun Oct  4 01:30:34 2026 S5 baseline_a 10008 ok
Sun Oct  4 01:41:33 2026 S5 baseline_a 10009 ok
Sun Oct  4 01:52:34 2026 S5 baseline_a 10010 ok
Sun Oct  4 02:03:15 2026 S5 baseline_a 10011 ok
Sun Oct  4 02:14:05 2026 S5 baseline_a 10012 ok
Sun Oct  4 02:24:40 2026 S5 baseline_a 10013 ok
Sun Oct  4 10:57:19 2026 S5 baseline_a 10014 error
Sun Oct  4 11:46:45 2026 S5 baseline_a 10015 error
Sun Oct  4 11:57:30 2026 S5 baseline_a 10016 ok
Sun Oct  4 12:08:45 2026 S5 baseline_a 10017 ok
Sun Oct  4 12:19:14 2026 S5 baseline_a 10018 ok
Sun Oct  4 12:29:26 2026 S5 baseline_a 10019 ok
Sun Oct  4 12:39:41 2026 S5 baseline_a 10020 ok
Sun Oct  4 12:49:26 2026 S5 baseline_a 10021 ok
Sun Oct  4 12:59:09 2026 S5 baseline_a 10022 ok
Sun Oct  4 13:08:54 2026 S5 baseline_a 10023 ok
Sun Oct  4 13:19:07 2026 S5 baseline_a 10024 ok
Sun Oct  4 13:29:24 2026 S5 baseline_a 10025 ok
Sun Oct  4 13:39:36 2026 S5 baseline_a 10026 ok
Sun Oct  4 13:49:49 2026 S5 baseline_a 10027 ok
Sun Oct  4 14:00:04 2026 S5 baseline_a 10028 ok
Sun Oct  4 14:10:13 2026 S5 baseline_a 10029 ok
Sun Oct  4 14:21:02 2026 S5 fedqpnt_nofault 10000 ok
Sun Oct  4 14:32:03 2026 S5 fedqpnt_nofault 10001 ok
Sun Oct  4 14:42:42 2026 S5 fedqpnt_nofault 10002 ok
Sun Oct  4 14:53:26 2026 S5 fedqpnt_nofault 10003 ok
Sun Oct  4 15:04:14 2026 S5 fedqpnt_nofault 10004 ok
Sun Oct  4 15:14:53 2026 S5 fedqpnt_nofault 10005 ok
Sun Oct  4 15:25:53 2026 S5 fedqpnt_nofault 10006 ok
Sun Oct  4 15:36:50 2026 S5 fedqpnt_nofault 10007 ok
Sun Oct  4 15:47:32 2026 S5 fedqpnt_nofault 10008 ok
